// 重构日志: 16267bec
// 重构日志: 3fbda1cb
// 同步 ID: fc438790 @ Sun Jul 19 15:46:04 UTC 2026
// 重构日志: a68fe26d
// 重构日志: 5c83a9b0
// 同步 ID: 6c08b7b1 @ Tue Jul 21 13:16:43 UTC 2026
// 重构日志: 576ce17f
// 重构日志: 72e3e209
// 重构日志: 28ab45bc
// 同步 ID: b7f59117 @ Fri Jul 24 00:19:23 UTC 2026
// 重构日志: e05a03de
// 重构日志: c20aef4a
// 重构日志: 29638c44
// 重构日志: 0c33fa13
// 同步 ID: c1219c45 @ Thu Jul 30 00:38:48 UTC 2026
// 同步 ID: def57274 @ Thu Jul 30 15:49:16 UTC 2026
// 同步 ID: 6f5c71cb @ Thu Jul 30 17:47:59 UTC 2026
// 同步 ID: 297aa9fc @ Fri Jul 31 05:22:47 UTC 2026
// 重构日志: a8557fb0
// 同步 ID: eff37fe2 @ Fri Jul 31 16:35:18 UTC 2026
// 同步 ID: b7a85485 @ Sat Aug  1 14:35:58 UTC 2026
// 重构日志: 037420c9
// 同步 ID: 007755d7 @ Sat Aug  1 22:44:24 UTC 2026
// 重构日志: 8076d500
// 同步 ID: 2b5e2392 @ Mon Aug  3 05:33:09 UTC 2026
// 重构日志: 2cf3d3dc
// 重构日志: b265cdfc
// 重构日志: 54533550
// 重构日志: 4a9e2ab3
// 同步 ID: 950c43c5 @ Tue Aug  4 00:37:58 UTC 2026
